// Jest Snapshot v1, https://goo.gl/fbAQLP

exports[`test en <GrifItem> Debe coincidir con el snapshot 1`] = `
Object {
  "asFragment": [Function],
  "baseElement": <body>
    <div>
      <div
        class="gifs_container_category_list_card"
      >
        <div
          class="gifs_container_category_list_card_img"
        >
          <img
            alt="Dragon Ball"
            src="https://dragon-ball.com/goku.jpg"
          />
          <div
            class="gifs_container_category_list_card_img_description"
          >
            <div
              class="gifs_container_category_list_card_img_description_header"
            >
              <img />
              <h3 />
            </div>
            <p />
            <a
              target="_blank"
            >
              Go to user Profile
            </a>
            <a
              target="_blank"
            >
              Download
            </a>
          </div>
        </div>
        <div
          class="gifs_container_category_list_card_div"
        >
          <p>
            Dragon Ball
          </p>
        </div>
      </div>
    </div>
  </body>,
  "container": <div>
    <div
      class="gifs_container_category_list_card"
    >
      <div
        class="gifs_container_category_list_card_img"
      >
        <img
          alt="Dragon Ball"
          src="https://dragon-ball.com/goku.jpg"
        />
        <div
          class="gifs_container_category_list_card_img_description"
        >
          <div
            class="gifs_container_category_list_card_img_description_header"
          >
            <img />
            <h3 />
          </div>
          <p />
          <a
            target="_blank"
          >
            Go to user Profile
          </a>
          <a
            target="_blank"
          >
            Download
          </a>
        </div>
      </div>
      <div
        class="gifs_container_category_list_card_div"
      >
        <p>
          Dragon Ball
        </p>
      </div>
    </div>
  </div>,
  "debug": [Function],
  "findAllByAltText": [Function],
  "findAllByDisplayValue": [Function],
  "findAllByLabelText": [Function],
  "findAllByPlaceholderText": [Function],
  "findAllByRole": [Function],
  "findAllByTestId": [Function],
  "findAllByText": [Function],
  "findAllByTitle": [Function],
  "findByAltText": [Function],
  "findByDisplayValue": [Function],
  "findByLabelText": [Function],
  "findByPlaceholderText": [Function],
  "findByRole": [Function],
  "findByTestId": [Function],
  "findByText": [Function],
  "findByTitle": [Function],
  "getAllByAltText": [Function],
  "getAllByDisplayValue": [Function],
  "getAllByLabelText": [Function],
  "getAllByPlaceholderText": [Function],
  "getAllByRole": [Function],
  "getAllByTestId": [Function],
  "getAllByText": [Function],
  "getAllByTitle": [Function],
  "getByAltText": [Function],
  "getByDisplayValue": [Function],
  "getByLabelText": [Function],
  "getByPlaceholderText": [Function],
  "getByRole": [Function],
  "getByTestId": [Function],
  "getByText": [Function],
  "getByTitle": [Function],
  "queryAllByAltText": [Function],
  "queryAllByDisplayValue": [Function],
  "queryAllByLabelText": [Function],
  "queryAllByPlaceholderText": [Function],
  "queryAllByRole": [Function],
  "queryAllByTestId": [Function],
  "queryAllByText": [Function],
  "queryAllByTitle": [Function],
  "queryByAltText": [Function],
  "queryByDisplayValue": [Function],
  "queryByLabelText": [Function],
  "queryByPlaceholderText": [Function],
  "queryByRole": [Function],
  "queryByTestId": [Function],
  "queryByText": [Function],
  "queryByTitle": [Function],
  "rerender": [Function],
  "unmount": [Function],
}
`;
